<?xml version="1.0" encoding="utf-8"?><testsuites name="pytest tests"><testsuite name="pytest" errors="0" failures="0" skipped="0" tests="163" time="10.803" timestamp="2026-08-20T18:37:46.503419-03:00" hostname="192.168.0.16"><testcase classname="tests.test_canonical_evidence.TestComputeCanonicalHash" name="test_deterministic" time="0.000" /><testcase classname="tests.test_canonical_evidence.TestComputeCanonicalHash" name="test_ignores_canonical_hash_field" time="0.000" /><testcase classname="tests.test_canonical_evidence.TestComputeCanonicalHash" name="test_detects_assertion_tamper" time="0.000" /><testcase classname="tests.test_canonical_evidence.TestComputeCanonicalHash" name="test_detects_provenance_tamper" time="0.000" /><testcase classname="tests.test_canonical_evidence.TestComputeCanonicalHash" name="test_rejects_nan" time="0.000" /><testcase classname="tests.test_canonical_evidence.TestComputeCanonicalHash" name="test_rejects_non_json_type" time="0.000" /><testcase classname="tests.test_canonical_evidence.TestVerifyCanonicalHash" name="test_valid_round_trip" time="0.000" /><testcase classname="tests.test_canonical_evidence.TestVerifyCanonicalHash" name="test_tampered_hash" time="0.000" /><testcase classname="tests.test_canonical_evidence.TestVerifyCanonicalHash" name="test_tampered_assertion" time="0.000" /><testcase classname="tests.test_canonical_evidence.TestVerifyCanonicalHash" name="test_missing_integrity" time="0.000" /><testcase classname="tests.test_canonical_evidence.TestTemporalAuthorization" name="test_future_expires_ok" time="0.000" /><testcase classname="tests.test_canonical_evidence.TestTemporalAuthorization" name="test_past_expires_blocked" time="0.000" /><testcase classname="tests.test_canonical_evidence.TestTemporalAuthorization" name="test_expires_equals_now_blocked" time="0.000" /><testcase classname="tests.test_canonical_evidence.TestTemporalAuthorization" name="test_expires_none_blocked" time="0.000" /><testcase classname="tests.test_canonical_evidence.TestTemporalAuthorization" name="test_expires_invalid_format" time="0.000" /><testcase classname="tests.test_canonical_evidence.TestTemporalAuthorization" name="test_expires_without_tz" time="0.000" /><testcase classname="tests.test_canonical_evidence.TestTemporalAuthorization" name="test_authorization_none_ok" time="0.000" /><testcase classname="tests.test_catalog_mutations.TestMutationRunner" name="test_runner_exits_zero_when_all_mutations_fail_as_expected" time="2.244" /><testcase classname="tests.test_catalog_mutations.TestMutationRunner" name="test_runner_lists_all_thirtyone_mutations" time="2.255" /><testcase classname="tests.test_catalog_mutations.TestIndividualMutations" name="test_m01" time="0.023" /><testcase classname="tests.test_catalog_mutations.TestIndividualMutations" name="test_m02" time="0.022" /><testcase classname="tests.test_catalog_mutations.TestIndividualMutations" name="test_m03" time="0.021" /><testcase classname="tests.test_catalog_mutations.TestIndividualMutations" name="test_m04" time="0.022" /><testcase classname="tests.test_catalog_mutations.TestIndividualMutations" name="test_m05" time="0.021" /><testcase classname="tests.test_catalog_mutations.TestIndividualMutations" name="test_m06" time="0.021" /><testcase classname="tests.test_catalog_mutations.TestIndividualMutations" name="test_m07" time="0.021" /><testcase classname="tests.test_catalog_mutations.TestIndividualMutations" name="test_m08" time="0.032" /><testcase classname="tests.test_catalog_mutations.TestIndividualMutations" name="test_m09" time="0.033" /><testcase classname="tests.test_catalog_mutations.TestIndividualMutations" name="test_m10" time="0.022" /><testcase classname="tests.test_catalog_mutations.TestIndividualMutations" name="test_m11" time="0.022" /><testcase classname="tests.test_catalog_mutations.TestIndividualMutations" name="test_m12" time="0.004" /><testcase classname="tests.test_catalog_mutations.TestIndividualMutations" name="test_m13" time="0.021" /><testcase classname="tests.test_catalog_mutations.TestIndividualMutations" name="test_m14" time="0.011" /><testcase classname="tests.test_catalog_mutations.TestIndividualMutations" name="test_m15" time="0.032" /><testcase classname="tests.test_catalog_mutations.TestIndividualMutations" name="test_m16" time="0.023" /><testcase classname="tests.test_catalog_mutations.TestIndividualMutations" name="test_m17" time="0.021" /><testcase classname="tests.test_catalog_mutations.TestIndividualMutations" name="test_m18" time="0.013" /><testcase classname="tests.test_catalog_mutations.TestIndividualMutations" name="test_m19" time="0.005" /><testcase classname="tests.test_catalog_mutations.TestIndividualMutations" name="test_m20" time="0.037" /><testcase classname="tests.test_catalog_mutations.TestIndividualMutations" name="test_m21" time="0.010" /><testcase classname="tests.test_catalog_mutations.TestIndividualMutations" name="test_m22" time="0.009" /><testcase classname="tests.test_catalog_mutations.TestIndividualMutations" name="test_m23" time="0.013" /><testcase classname="tests.test_catalog_mutations.TestIndividualMutations" name="test_m24" time="0.013" /><testcase classname="tests.test_catalog_mutations.TestIndividualMutations" name="test_m25" time="0.009" /><testcase classname="tests.test_delivery_package.TestPackageGeneration" name="test_generate_zip_creates_valid_zipfile" time="0.016" /><testcase classname="tests.test_delivery_package.TestPackageGeneration" name="test_generated_zip_contains_github_workflow" time="0.017" /><testcase classname="tests.test_delivery_package.TestPackageGeneration" name="test_generated_zip_has_no_forbidden_files" time="0.013" /><testcase classname="tests.test_delivery_package.TestPackageVerification" name="test_verify_package_with_no_battery_passes" time="0.032" /><testcase classname="tests.test_delivery_package.TestForbiddenFiles" name="test_check_forbidden_files_detects_git" time="0.001" /><testcase classname="tests.test_delivery_package.TestForbiddenFiles" name="test_check_forbidden_files_detects_context_map" time="0.000" /><testcase classname="tests.test_delivery_package.TestForbiddenFiles" name="test_check_forbidden_files_detects_venv" time="0.001" /><testcase classname="tests.test_delivery_package.TestWorkflowPresence" name="test_check_workflow_exists_detects_missing" time="0.000" /><testcase classname="tests.test_evidence_contract_draft.TestSchemaValidity" name="test_schema_is_valid_json_schema" time="0.015" /><testcase classname="tests.test_evidence_contract_draft.TestValidFixtures" name="test_valid_fixture_passes[fixture0]" time="0.017" /><testcase classname="tests.test_evidence_contract_draft.TestValidFixtures" name="test_valid_fixture_passes[fixture1]" time="0.016" /><testcase classname="tests.test_evidence_contract_draft.TestValidFixtures" name="test_valid_fixture_passes[fixture2]" time="0.016" /><testcase classname="tests.test_evidence_contract_draft.TestInvalidFixtures" name="test_invalid_fixture_fails[fixture0]" time="0.016" /><testcase classname="tests.test_evidence_contract_draft.TestInvalidFixtures" name="test_invalid_fixture_fails[fixture1]" time="0.017" /><testcase classname="tests.test_evidence_contract_draft.TestInvalidFixtures" name="test_invalid_fixture_fails[fixture2]" time="0.016" /><testcase classname="tests.test_evidence_contract_draft.TestInvalidFixtures" name="test_invalid_fixture_fails[fixture3]" time="0.017" /><testcase classname="tests.test_evidence_contract_draft.TestInvalidFixtures" name="test_invalid_fixture_fails[fixture4]" time="0.017" /><testcase classname="tests.test_evidence_contract_draft.TestInvalidFixtures" name="test_invalid_fixture_fails[fixture5]" time="0.016" /><testcase classname="tests.test_evidence_contract_draft.TestFieldMapping" name="test_producer_has_all_expected_fields" time="0.000" /><testcase classname="tests.test_evidence_contract_draft.TestFieldMapping" name="test_subject_has_all_expected_fields" time="0.000" /><testcase classname="tests.test_evidence_contract_draft.TestFieldMapping" name="test_assertion_has_all_expected_fields" time="0.000" /><testcase classname="tests.test_evidence_contract_draft.TestFieldMapping" name="test_status_enum_has_6_states" time="0.000" /><testcase classname="tests.test_evidence_contract_draft.TestValidatorEndToEnd" name="test_validator_exits_zero_on_canonical_repo" time="0.165" /><testcase classname="tests.test_normalize_evidence_input.TestNormalizerPassedList" name="test_planned_bundle_produces_not_satisfied" time="0.008" /><testcase classname="tests.test_normalize_evidence_input.TestNormalizerPassedList" name="test_passed_bundle_with_implemented_assertion_can_satisfy" time="0.008" /><testcase classname="tests.test_normalize_evidence_input.TestNormalizerPassedList" name="test_blocked_missing_provenance_produces_blocked" time="0.008" /><testcase classname="tests.test_normalize_evidence_input.TestNormalizerPassedList" name="test_local_with_passed_produces_blocked" time="0.008" /><testcase classname="tests.test_normalize_evidence_input.TestNormalizerProvenance" name="test_assessment_passes_control_assessment_schema" time="0.071" /><testcase classname="tests.test_normalize_evidence_input.TestNormalizerProvenance" name="test_satisfied_assessment_has_all_evidence_passed_reason" time="0.008" /><testcase classname="tests.test_normalize_evidence_input.TestNormalizerProvenance" name="test_blocked_assessment_has_integrity_reason" time="0.008" /><testcase classname="tests.test_normalize_evidence_input.TestNormalizerNoPlannedPromotion" name="test_planned_assertion_never_satisfies" time="0.009" /><testcase classname="tests.test_normalize_pse_evidence_bundle.TestValidFixtures" name="test_passed_fixture" time="0.107" /><testcase classname="tests.test_normalize_pse_evidence_bundle.TestValidFixtures" name="test_failed_fixture" time="0.217" /><testcase classname="tests.test_normalize_pse_evidence_bundle.TestValidFixtures" name="test_skipped_fixture" time="0.213" /><testcase classname="tests.test_normalize_pse_evidence_bundle.TestValidFixtures" name="test_errored_fixture" time="0.229" /><testcase classname="tests.test_normalize_pse_evidence_bundle.TestValidFixtures" name="test_not_assessed_fixture" time="0.222" /><testcase classname="tests.test_normalize_pse_evidence_bundle.TestValidFixtures" name="test_local_execution_true" time="0.212" /><testcase classname="tests.test_normalize_pse_evidence_bundle.TestValidFixtures" name="test_local_execution_false" time="0.211" /><testcase classname="tests.test_normalize_pse_evidence_bundle.TestInvalidFixtures" name="test_missing_provenance" time="0.078" /><testcase classname="tests.test_normalize_pse_evidence_bundle.TestInvalidFixtures" name="test_invalid_authorization" time="0.089" /><testcase classname="tests.test_normalize_pse_evidence_bundle.TestInvalidFixtures" name="test_sensitive_data_rejected" time="0.088" /><testcase classname="tests.test_normalize_pse_evidence_bundle.TestInvalidFixtures" name="test_unknown_check_rejected" time="0.093" /><testcase classname="tests.test_normalize_pse_evidence_bundle.TestCLIValidation" name="test_missing_cli_args" time="0.082" /><testcase classname="tests.test_normalize_pse_evidence_bundle.TestCLIValidation" name="test_missing_suite_commit" time="0.075" /><testcase classname="tests.test_normalize_pse_evidence_bundle.TestCLIValidation" name="test_invalid_runner_kind" time="0.078" /><testcase classname="tests.test_normalize_pse_evidence_bundle.TestCLIValidation" name="test_invalid_network_used" time="0.080" /><testcase classname="tests.test_normalize_pse_evidence_bundle.TestCLIValidation" name="test_invalid_local_execution" time="0.084" /><testcase classname="tests.test_normalize_pse_evidence_bundle.TestCLIValidation" name="test_invalid_sha_format" time="0.083" /><testcase classname="tests.test_normalize_pse_evidence_bundle.TestCLIValidation" name="test_invalid_timestamp_format" time="0.082" /><testcase classname="tests.test_normalize_pse_evidence_bundle.TestCLIValidation" name="test_expired_authorization" time="0.085" /><testcase classname="tests.test_normalize_pse_evidence_bundle.TestCLIValidation" name="test_authorization_missing_expires" time="0.098" /><testcase classname="tests.test_normalize_pse_evidence_bundle.TestCLIValidation" name="test_authorization_missing_timezone" time="0.096" /><testcase classname="tests.test_normalize_pse_evidence_bundle.TestCLIValidation" name="test_authorization_missing_scope" time="0.096" /><testcase classname="tests.test_normalize_pse_evidence_bundle.TestCLIValidation" name="test_authorization_missing_target_fingerprint" time="0.099" /><testcase classname="tests.test_normalize_pse_evidence_bundle.TestCLIValidation" name="test_authorization_invalid_with_network" time="0.094" /><testcase classname="tests.test_normalize_pse_evidence_bundle.TestProvenanceConsistency" name="test_artifact_repo_commit_mismatch" time="0.089" /><testcase classname="tests.test_normalize_pse_evidence_bundle.TestProvenanceConsistency" name="test_config_fingerprint_mismatch" time="0.091" /><testcase classname="tests.test_normalize_pse_evidence_bundle.TestProvenanceConsistency" name="test_suite_commit_provided" time="0.111" /><testcase classname="tests.test_normalize_pse_evidence_bundle.TestInvalidInput" name="test_invalid_pse_schema" time="0.090" /><testcase classname="tests.test_normalize_pse_evidence_bundle.TestInvalidInput" name="test_invalid_sha256_chars" time="0.097" /><testcase classname="tests.test_normalize_pse_evidence_bundle.TestInvalidInput" name="test_unknown_severity" time="0.090" /><testcase classname="tests.test_normalize_pse_evidence_bundle.TestInvalidInput" name="test_finding_not_silently_dropped" time="0.213" /><testcase classname="tests.test_normalize_pse_evidence_bundle.TestCanonicalHash" name="test_canonical_hash_valid" time="0.109" /><testcase classname="tests.test_normalize_pse_evidence_bundle.TestCanonicalHash" name="test_bundle_tampering_invalidates_hash" time="0.126" /><testcase classname="tests.test_normalize_pse_evidence_bundle.TestEvidenceFingerprint" name="test_fingerprint_stability" time="0.211" /><testcase classname="tests.test_normalize_pse_evidence_bundle.TestEvidenceFingerprint" name="test_fingerprint_changes_on_data_change" time="0.216" /><testcase classname="tests.test_normalize_pse_evidence_bundle.TestContractValidation" name="test_bundle_passes_contract_validator" time="0.335" /><testcase classname="tests.test_normalize_pse_evidence_bundle.TestNoNetwork" name="test_no_network_calls" time="0.001" /><testcase classname="tests.test_release_manifest.TestComputeContentRoot" name="test_deterministic" time="0.000" /><testcase classname="tests.test_release_manifest.TestComputeContentRoot" name="test_order_independent" time="0.000" /><testcase classname="tests.test_release_manifest.TestComputeContentRoot" name="test_changes_when_hash_changes" time="0.000" /><testcase classname="tests.test_release_manifest.TestComputeContentRoot" name="test_changes_when_path_changes" time="0.000" /><testcase classname="tests.test_release_manifest.TestComputeContentRoot" name="test_format" time="0.000" /><testcase classname="tests.test_release_manifest.TestValidateManifestData" name="test_content_root_valid_no_errors" time="0.000" /><testcase classname="tests.test_release_manifest.TestValidateManifestData" name="test_content_root_tampered_detected" time="0.000" /><testcase classname="tests.test_release_manifest.TestValidateManifestData" name="test_content_root_stale_after_files_change" time="0.000" /><testcase classname="tests.test_release_manifest.TestValidateManifestData" name="test_omitted_file_detected" time="0.000" /><testcase classname="tests.test_release_manifest.TestValidateManifestData" name="test_extra_file_detected" time="0.000" /><testcase classname="tests.test_release_manifest.TestValidateManifestData" name="test_hash_mismatch_detected" time="0.000" /><testcase classname="tests.test_release_manifest.TestValidateManifestData" name="test_required_missing_detected" time="0.000" /><testcase classname="tests.test_release_manifest.TestValidateManifestData" name="test_release_manifest_self_not_omitted_but_required" time="0.000" /><testcase classname="tests.test_release_manifest.TestValidateManifestData" name="test_clean_manifest_no_errors" time="0.000" /><testcase classname="tests.test_release_manifest.TestValidateManifestData" name="test_release_manifest_excluded_from_omitted" time="0.000" /><testcase classname="tests.test_suite_compatibility.TestCanonicalRepo" name="test_canonical_compatibility_passes" time="0.026" /><testcase classname="tests.test_suite_compatibility.TestInvalidFixtures" name="test_control_active_depends_on_planned_fails" time="0.021" /><testcase classname="tests.test_suite_compatibility.TestInvalidFixtures" name="test_mapping_planned_with_blocking_true_fails" time="0.023" /><testcase classname="tests.test_suite_compatibility.TestInvalidFixtures" name="test_mapping_assertion_not_in_manifest_fails" time="0.021" /><testcase classname="tests.test_suite_compatibility.TestInvalidFixtures" name="test_suite_manifest_release_not_verified_fails" time="0.008" /><testcase classname="tests.test_suite_compatibility.TestInvalidFixtures" name="test_suite_manifest_capability_id_normalized_fails" time="0.008" /><testcase classname="tests.test_suite_compatibility.TestLifecycleRegression" name="test_promoting_planned_to_implemented_without_manifest_fails" time="0.020" /><testcase classname="tests.test_suite_compatibility.TestLifecycleRegression" name="test_missing_suite_version_fails" time="0.026" /><testcase classname="tests.test_validate_catalog.TestCanonicalRepo" name="test_canonical_catalog_passes" time="0.021" /><testcase classname="tests.test_validate_catalog.TestCanonicalRepo" name="test_canonical_catalog_with_assessments_passes" time="0.079" /><testcase classname="tests.test_validate_catalog.TestValidFixtures" name="test_valid_catalog_passes" time="0.022" /><testcase classname="tests.test_validate_catalog.TestValidFixtures" name="test_valid_assessment_satisfied_passes_schema" time="0.012" /><testcase classname="tests.test_validate_catalog.TestValidFixtures" name="test_valid_assessment_blocked_passes_schema" time="0.012" /><testcase classname="tests.test_validate_catalog.TestInvalidFixtures" name="test_control_without_required_evidence_fails" time="0.012" /><testcase classname="tests.test_validate_catalog.TestInvalidFixtures" name="test_control_id_malformed_fails" time="0.013" /><testcase classname="tests.test_validate_catalog.TestInvalidFixtures" name="test_mapping_duplicate_assertion_fails" time="0.014" /><testcase classname="tests.test_validate_catalog.TestInvalidFixtures" name="test_mapping_assertion_without_capability_fails" time="0.013" /><testcase classname="tests.test_validate_catalog.TestInvalidFixtures" name="test_mapping_insecure_accepted_status_fails" time="0.013" /><testcase classname="tests.test_validate_catalog.TestInvalidFixtures" name="test_catalog_path_not_found_fails" time="0.005" /><testcase classname="tests.test_validate_catalog.TestInvalidFixtures" name="test_assessment_satisfied_without_passed_fails" time="0.011" /><testcase classname="tests.test_validate_catalog.TestInvalidFixtures" name="test_assessment_provenance_tampered_fails" time="0.012" /><testcase classname="tests.test_validate_catalog.TestInvalidFixtures" name="test_control_unexpected_property_fails" time="0.013" /><testcase classname="tests.test_validate_catalog.TestPolicyRegression" name="test_accepting_skipped_in_evaluation_fails" time="0.013" /><testcase classname="tests.test_validate_catalog.TestPolicyRegression" name="test_removing_missing_evidence_key_fails" time="0.013" /><testcase classname="tests.test_validate_catalog.TestPolicyRegression" name="test_removing_required_evidence_fails" time="0.013" /><testcase classname="tests.test_validate_catalog.TestPolicyRegression" name="test_removing_catalog_control_ref_fails" time="0.013" /><testcase classname="tests.test_workflow_static.TestWorkflowExists" name="test_workflow_file_exists" time="0.000" /><testcase classname="tests.test_workflow_static.TestWorkflowExists" name="test_workflow_file_is_yaml" time="0.004" /><testcase classname="tests.test_workflow_static.TestWorkflowName" name="test_workflow_name" time="0.004" /><testcase classname="tests.test_workflow_static.TestWorkflowPermissions" name="test_permissions_contents_read" time="0.004" /><testcase classname="tests.test_workflow_static.TestWorkflowPermissions" name="test_no_contents_write" time="0.004" /><testcase classname="tests.test_workflow_static.TestWorkflowPermissions" name="test_no_write_token_in_jobs" time="0.004" /><testcase classname="tests.test_workflow_static.TestWorkflowCanonicalCommands" name="test_all_five_canonical_commands_present" time="0.004" /><testcase classname="tests.test_workflow_static.TestWorkflowCanonicalCommands" name="test_commands_appear_as_run_steps" time="0.004" /><testcase classname="tests.test_workflow_static.TestWorkflowNoForbiddenActions" name="test_no_network_after_install" time="0.004" /><testcase classname="tests.test_workflow_static.TestWorkflowNoForbiddenActions" name="test_no_external_suite_download" time="0.004" /></testsuite></testsuites>